// Vitest Snapshot v1, https://vitest.dev/guide/snapshot.html

exports[`sizing > matches the snapshot for common viewports 1`] = `
[
  {
    "board": {
      "height": 320,
      "width": 320,
      "x": 20,
      "y": 119,
    },
    "cellSize": 40,
    "orientation": "portrait",
    "tray": {
      "height": 144,
      "width": 320,
      "x": 20,
      "y": 458,
    },
    "trayScale": 0.479,
    "viewport": "360×640",
  },
  {
    "board": {
      "height": 348,
      "width": 348,
      "x": 21,
      "y": 211,
    },
    "cellSize": 43.5,
    "orientation": "portrait",
    "tray": {
      "height": 156.5,
      "width": 348,
      "x": 21,
      "y": 579,
    },
    "trayScale": 0.48,
    "viewport": "390×844",
  },
  {
    "board": {
      "height": 368,
      "width": 368,
      "x": 22,
      "y": 235.5,
    },
    "cellSize": 46,
    "orientation": "portrait",
    "tray": {
      "height": 165.5,
      "width": 368,
      "x": 22,
      "y": 624,
    },
    "trayScale": 0.479,
    "viewport": "412×915",
  },
  {
    "board": {
      "height": 584,
      "width": 584,
      "x": 92,
      "y": 136.5,
    },
    "cellSize": 73,
    "orientation": "portrait",
    "tray": {
      "height": 263,
      "width": 584,
      "x": 92,
      "y": 745.5,
    },
    "trayScale": 0.48,
    "viewport": "768×1024",
  },
  {
    "board": {
      "height": 628,
      "width": 628,
      "x": 51,
      "y": 113,
    },
    "cellSize": 78.5,
    "orientation": "landscape",
    "tray": {
      "height": 628,
      "width": 282.5,
      "x": 705,
      "y": 113,
    },
    "trayScale": 0.479,
    "viewport": "1024×768",
  },
  {
    "board": {
      "height": 348,
      "width": 348,
      "x": 142,
      "y": 81,
    },
    "cellSize": 43.5,
    "orientation": "landscape",
    "tray": {
      "height": 348,
      "width": 156.5,
      "x": 510,
      "y": 81,
    },
    "trayScale": 0.48,
    "viewport": "800×450",
  },
  {
    "board": {
      "height": 480,
      "width": 480,
      "x": 126,
      "y": 95,
    },
    "cellSize": 60,
    "orientation": "landscape",
    "tray": {
      "height": 480,
      "width": 216,
      "x": 629,
      "y": 95,
    },
    "trayScale": 0.48,
    "viewport": "960×600",
  },
  {
    "board": {
      "height": 628,
      "width": 628,
      "x": 222,
      "y": 113,
    },
    "cellSize": 78.5,
    "orientation": "landscape",
    "tray": {
      "height": 628,
      "width": 282.5,
      "x": 876,
      "y": 113,
    },
    "trayScale": 0.479,
    "viewport": "1366×768",
  },
  {
    "board": {
      "height": 640,
      "width": 640,
      "x": 490,
      "y": 266,
    },
    "cellSize": 80,
    "orientation": "landscape",
    "tray": {
      "height": 640,
      "width": 288,
      "x": 1156.5,
      "y": 266,
    },
    "trayScale": 0.479,
    "viewport": "1920×1080",
  },
]
`;
