// Vitest Snapshot v1, https://vitest.dev/guide/snapshot.html

exports[`sizing > matches the snapshot for common viewports 1`] = `
[
  {
    "board": {
      "height": 320,
      "width": 320,
      "x": 20,
      "y": 95,
    },
    "cellSize": 40,
    "orientation": "portrait",
    "tray": {
      "height": 192,
      "width": 320,
      "x": 20,
      "y": 434,
    },
    "trayScale": 0.479,
    "viewport": "360×640",
  },
  {
    "board": {
      "height": 348,
      "width": 348,
      "x": 21,
      "y": 185,
    },
    "cellSize": 43.5,
    "orientation": "portrait",
    "tray": {
      "height": 208.5,
      "width": 348,
      "x": 21,
      "y": 553,
    },
    "trayScale": 0.48,
    "viewport": "390×844",
  },
  {
    "board": {
      "height": 368,
      "width": 368,
      "x": 22,
      "y": 208,
    },
    "cellSize": 46,
    "orientation": "portrait",
    "tray": {
      "height": 220.5,
      "width": 368,
      "x": 22,
      "y": 596.5,
    },
    "trayScale": 0.479,
    "viewport": "412×915",
  },
  {
    "board": {
      "height": 584,
      "width": 584,
      "x": 92,
      "y": 134,
    },
    "cellSize": 73,
    "orientation": "portrait",
    "tray": {
      "height": 268.5,
      "width": 584,
      "x": 92,
      "y": 743,
    },
    "trayScale": 0.48,
    "viewport": "768×1024",
  },
  {
    "board": {
      "height": 628,
      "width": 628,
      "x": 51,
      "y": 113,
    },
    "cellSize": 78.5,
    "orientation": "landscape",
    "tray": {
      "height": 628,
      "width": 282.5,
      "x": 705,
      "y": 113,
    },
    "trayScale": 0.479,
    "viewport": "1024×768",
  },
  {
    "board": {
      "height": 348,
      "width": 348,
      "x": 142,
      "y": 81,
    },
    "cellSize": 43.5,
    "orientation": "landscape",
    "tray": {
      "height": 348,
      "width": 156.5,
      "x": 510,
      "y": 81,
    },
    "trayScale": 0.48,
    "viewport": "800×450",
  },
  {
    "board": {
      "height": 480,
      "width": 480,
      "x": 126,
      "y": 95,
    },
    "cellSize": 60,
    "orientation": "landscape",
    "tray": {
      "height": 480,
      "width": 216,
      "x": 629,
      "y": 95,
    },
    "trayScale": 0.48,
    "viewport": "960×600",
  },
  {
    "board": {
      "height": 628,
      "width": 628,
      "x": 222,
      "y": 113,
    },
    "cellSize": 78.5,
    "orientation": "landscape",
    "tray": {
      "height": 628,
      "width": 282.5,
      "x": 876,
      "y": 113,
    },
    "trayScale": 0.479,
    "viewport": "1366×768",
  },
  {
    "board": {
      "height": 720,
      "width": 720,
      "x": 432,
      "y": 226,
    },
    "cellSize": 90,
    "orientation": "landscape",
    "tray": {
      "height": 720,
      "width": 324,
      "x": 1180,
      "y": 226,
    },
    "trayScale": 0.48,
    "viewport": "1920×1080",
  },
]
`;
